// Jest Snapshot v1, https://goo.gl/fbAQLP

exports[`testing al cliente es William Wun 1`] = `
{
  "balance": 500,
  "nombre": "William Wun",
  "tipo": "premium",
}
`;
